// Jest Snapshot v1, https://goo.gl/fbAQLP

exports[`should render a detailed view of an individual team 1`] = `
Object {
  "asFragment": [Function],
  "baseElement": <body>
    <div>
      <div
        class="content"
      >
        <h1>
          team name
        </h1>
        <section
          class="title-img"
        >
          <img
            alt="kickball"
            height="400"
            src="/kickballs/ball_14.jpg"
          />
        </section>
        team city
        , 
        team state
        <ul>
          <a
            href="/players/4"
          >
            <li>
              name player
               ◌ 
              position player
            </li>
          </a>
        </ul>
        <a
          href="/NewPlayer"
        >
          Add Player
        </a>
         ◌
        <a
          href="/editTeam/1"
        >
          Update Team Details
        </a>
         ◌
         
        <button
          aria-label="Delete team name"
          type="button"
        >
          Delete 
          team name
        </button>
      </div>
    </div>
  </body>,
  "container": <div>
    <div
      class="content"
    >
      <h1>
        team name
      </h1>
      <section
        class="title-img"
      >
        <img
          alt="kickball"
          height="400"
          src="/kickballs/ball_14.jpg"
        />
      </section>
      team city
      , 
      team state
      <ul>
        <a
          href="/players/4"
        >
          <li>
            name player
             ◌ 
            position player
          </li>
        </a>
      </ul>
      <a
        href="/NewPlayer"
      >
        Add Player
      </a>
       ◌
      <a
        href="/editTeam/1"
      >
        Update Team Details
      </a>
       ◌
       
      <button
        aria-label="Delete team name"
        type="button"
      >
        Delete 
        team name
      </button>
    </div>
  </div>,
  "debug": [Function],
  "findAllByAltText": [Function],
  "findAllByDisplayValue": [Function],
  "findAllByLabelText": [Function],
  "findAllByPlaceholderText": [Function],
  "findAllByRole": [Function],
  "findAllByTestId": [Function],
  "findAllByText": [Function],
  "findAllByTitle": [Function],
  "findByAltText": [Function],
  "findByDisplayValue": [Function],
  "findByLabelText": [Function],
  "findByPlaceholderText": [Function],
  "findByRole": [Function],
  "findByTestId": [Function],
  "findByText": [Function],
  "findByTitle": [Function],
  "getAllByAltText": [Function],
  "getAllByDisplayValue": [Function],
  "getAllByLabelText": [Function],
  "getAllByPlaceholderText": [Function],
  "getAllByRole": [Function],
  "getAllByTestId": [Function],
  "getAllByText": [Function],
  "getAllByTitle": [Function],
  "getByAltText": [Function],
  "getByDisplayValue": [Function],
  "getByLabelText": [Function],
  "getByPlaceholderText": [Function],
  "getByRole": [Function],
  "getByTestId": [Function],
  "getByText": [Function],
  "getByTitle": [Function],
  "queryAllByAltText": [Function],
  "queryAllByDisplayValue": [Function],
  "queryAllByLabelText": [Function],
  "queryAllByPlaceholderText": [Function],
  "queryAllByRole": [Function],
  "queryAllByTestId": [Function],
  "queryAllByText": [Function],
  "queryAllByTitle": [Function],
  "queryByAltText": [Function],
  "queryByDisplayValue": [Function],
  "queryByLabelText": [Function],
  "queryByPlaceholderText": [Function],
  "queryByRole": [Function],
  "queryByTestId": [Function],
  "queryByText": [Function],
  "queryByTitle": [Function],
  "rerender": [Function],
  "unmount": [Function],
}
`;
