// Jest Snapshot v1, https://goo.gl/fbAQLP

exports[`should render a detailed view of an individual player 1`] = `
Object {
  "asFragment": [Function],
  "baseElement": <body>
    <div>
      <div
        class="content"
      >
        <h1>
          player name
        </h1>
        <h2>
          player position
        </h2>
        <img
          alt="an adorable frog faced kickyball"
          src="https://m.media-amazon.com/images/I/51vPSKT9L7L._AC_SX425_.jpg"
          width="300px"
        />
        <ul>
          <li>
            <a
              href="/teams/1"
            >
              team name
            </a>
          </li>
          <li>
            team city
            , 
            team state
          </li>
        </ul>
        <a
          href="/editPlayer/3"
        >
          Update Player
        </a>
        <button
          aria-label="Delete player name"
          type="button"
        >
          Delete Player
        </button>
      </div>
    </div>
  </body>,
  "container": <div>
    <div
      class="content"
    >
      <h1>
        player name
      </h1>
      <h2>
        player position
      </h2>
      <img
        alt="an adorable frog faced kickyball"
        src="https://m.media-amazon.com/images/I/51vPSKT9L7L._AC_SX425_.jpg"
        width="300px"
      />
      <ul>
        <li>
          <a
            href="/teams/1"
          >
            team name
          </a>
        </li>
        <li>
          team city
          , 
          team state
        </li>
      </ul>
      <a
        href="/editPlayer/3"
      >
        Update Player
      </a>
      <button
        aria-label="Delete player name"
        type="button"
      >
        Delete Player
      </button>
    </div>
  </div>,
  "debug": [Function],
  "findAllByAltText": [Function],
  "findAllByDisplayValue": [Function],
  "findAllByLabelText": [Function],
  "findAllByPlaceholderText": [Function],
  "findAllByRole": [Function],
  "findAllByTestId": [Function],
  "findAllByText": [Function],
  "findAllByTitle": [Function],
  "findByAltText": [Function],
  "findByDisplayValue": [Function],
  "findByLabelText": [Function],
  "findByPlaceholderText": [Function],
  "findByRole": [Function],
  "findByTestId": [Function],
  "findByText": [Function],
  "findByTitle": [Function],
  "getAllByAltText": [Function],
  "getAllByDisplayValue": [Function],
  "getAllByLabelText": [Function],
  "getAllByPlaceholderText": [Function],
  "getAllByRole": [Function],
  "getAllByTestId": [Function],
  "getAllByText": [Function],
  "getAllByTitle": [Function],
  "getByAltText": [Function],
  "getByDisplayValue": [Function],
  "getByLabelText": [Function],
  "getByPlaceholderText": [Function],
  "getByRole": [Function],
  "getByTestId": [Function],
  "getByText": [Function],
  "getByTitle": [Function],
  "queryAllByAltText": [Function],
  "queryAllByDisplayValue": [Function],
  "queryAllByLabelText": [Function],
  "queryAllByPlaceholderText": [Function],
  "queryAllByRole": [Function],
  "queryAllByTestId": [Function],
  "queryAllByText": [Function],
  "queryAllByTitle": [Function],
  "queryByAltText": [Function],
  "queryByDisplayValue": [Function],
  "queryByLabelText": [Function],
  "queryByPlaceholderText": [Function],
  "queryByRole": [Function],
  "queryByTestId": [Function],
  "queryByText": [Function],
  "queryByTitle": [Function],
  "rerender": [Function],
  "unmount": [Function],
}
`;
